2024-10-07 00:21:45 There were 1 links that passed the next "Check SNS Count" confirmation date and time.
2024-10-07 00:21:46 [1] Confirmed the "Check SNS Count". (NextTime=2024-10-06 22:49:19 URL=https://www.supercourt.jp/topics/archives/7363)
2024-10-07 01:21:40 There were 0 links that passed the next "Check SNS Count" confirmation date and time.
2024-10-07 02:21:52 There were 0 links that passed the next "Check SNS Count" confirmation date and time.
2024-10-07 03:21:46 There were 0 links that passed the next "Check SNS Count" confirmation date and time.
2024-10-07 04:21:49 There were 0 links that passed the next "Check SNS Count" confirmation date and time.
2024-10-07 05:21:38 There were 0 links that passed the next "Check SNS Count" confirmation date and time.
2024-10-07 06:21:39 There were 0 links that passed the next "Check SNS Count" confirmation date and time.
2024-10-07 07:21:43 There were 0 links that passed the next "Check SNS Count" confirmation date and time.
2024-10-07 08:21:39 There were 0 links that passed the next "Check SNS Count" confirmation date and time.
2024-10-07 09:21:39 There were 0 links that passed the next "Check SNS Count" confirmation date and time.
2024-10-07 10:21:51 There were 0 links that passed the next "Check SNS Count" confirmation date and time.
2024-10-07 11:21:51 There were 0 links that passed the next "Check SNS Count" confirmation date and time.
2024-10-07 12:21:45 There were 0 links that passed the next "Check SNS Count" confirmation date and time.
2024-10-07 12:51:28 There were 2 links that passed the next "Link Alive Check" confirmation date and time.
2024-10-07 12:51:29 [1] Confirmed the "Link Alive Check". (NextTime=2024-11-05 09:37:57 Result=404 URL=https://www.supercourt.jp/topics/archives/7363)
2024-10-07 12:51:29 [2] Confirmed the "Link Alive Check". (NextTime=2024-11-05 09:51:32 Result=200 URL=https://google.com)
2024-10-07 13:21:39 There were 0 links that passed the next "Check SNS Count" confirmation date and time.
2024-10-07 14:21:44 There were 0 links that passed the next "Check SNS Count" confirmation date and time.
2024-10-07 15:21:44 There were 0 links that passed the next "Check SNS Count" confirmation date and time.
2024-10-07 16:21:51 There were 0 links that passed the next "Check SNS Count" confirmation date and time.
2024-10-07 17:21:41 There were 0 links that passed the next "Check SNS Count" confirmation date and time.
2024-10-07 18:21:40 There were 0 links that passed the next "Check SNS Count" confirmation date and time.
2024-10-07 19:21:47 There were 0 links that passed the next "Check SNS Count" confirmation date and time.
2024-10-07 20:21:40 There were 0 links that passed the next "Check SNS Count" confirmation date and time.
2024-10-07 21:21:41 There were 0 links that passed the next "Check SNS Count" confirmation date and time.
2024-10-07 22:21:39 There were 0 links that passed the next "Check SNS Count" confirmation date and time.
2024-10-07 23:21:44 There were 0 links that passed the next "Check SNS Count" confirmation date and time.
