2022-10-13 00:15:40 There were 0 links that passed the next "Check SNS Count" confirmation date and time.
2022-10-13 01:15:34 There were 0 links that passed the next "Check SNS Count" confirmation date and time.
2022-10-13 02:15:33 There were 0 links that passed the next "Check SNS Count" confirmation date and time.
2022-10-13 03:15:50 There were 0 links that passed the next "Check SNS Count" confirmation date and time.
2022-10-13 03:46:04 There were 2 links that passed the next "Link Alive Check" confirmation date and time.
2022-10-13 03:46:04 [1] Confirmed the "Link Alive Check". (NextTime=2022-11-11 00:59:18 Result=404 URL=https://www.supercourt.jp/topics/archives/7363)
2022-10-13 03:46:04 [2] Confirmed the "Link Alive Check". (NextTime=2022-11-10 08:59:16 Result=200 URL=https://google.com)
2022-10-13 04:16:42 There were 0 links that passed the next "Check SNS Count" confirmation date and time.
2022-10-13 05:16:30 There were 0 links that passed the next "Check SNS Count" confirmation date and time.
2022-10-13 06:17:03 There were 0 links that passed the next "Check SNS Count" confirmation date and time.
2022-10-13 07:15:33 There were 0 links that passed the next "Check SNS Count" confirmation date and time.
2022-10-13 08:15:33 There were 0 links that passed the next "Check SNS Count" confirmation date and time.
2022-10-13 09:15:33 There were 0 links that passed the next "Check SNS Count" confirmation date and time.
2022-10-13 10:15:32 There were 0 links that passed the next "Check SNS Count" confirmation date and time.
2022-10-13 11:15:34 There were 0 links that passed the next "Check SNS Count" confirmation date and time.
2022-10-13 12:15:34 There were 0 links that passed the next "Check SNS Count" confirmation date and time.
2022-10-13 13:15:28 There were 0 links that passed the next "Check SNS Count" confirmation date and time.
2022-10-13 14:15:35 There were 0 links that passed the next "Check SNS Count" confirmation date and time.
2022-10-13 15:15:35 There were 0 links that passed the next "Check SNS Count" confirmation date and time.
2022-10-13 16:15:32 There were 0 links that passed the next "Check SNS Count" confirmation date and time.
2022-10-13 17:15:36 There were 1 links that passed the next "Check SNS Count" confirmation date and time.
2022-10-13 17:15:36 [1] Confirmed the "Check SNS Count". (NextTime=2022-11-11 00:59:18 URL=https://www.supercourt.jp/topics/archives/7363)
2022-10-13 18:15:36 There were 0 links that passed the next "Check SNS Count" confirmation date and time.
2022-10-13 19:15:36 There were 0 links that passed the next "Check SNS Count" confirmation date and time.
2022-10-13 20:15:31 There were 0 links that passed the next "Check SNS Count" confirmation date and time.
2022-10-13 21:15:37 There were 0 links that passed the next "Check SNS Count" confirmation date and time.
2022-10-13 22:15:37 There were 0 links that passed the next "Check SNS Count" confirmation date and time.
2022-10-13 23:15:35 There were 0 links that passed the next "Check SNS Count" confirmation date and time.
