2023-09-27 00:13:32 There were 0 links that passed the next "Check SNS Count" confirmation date and time.
2023-09-27 01:13:19 There were 0 links that passed the next "Check SNS Count" confirmation date and time.
2023-09-27 02:13:06 There were 0 links that passed the next "Check SNS Count" confirmation date and time.
2023-09-27 03:14:04 There were 0 links that passed the next "Check SNS Count" confirmation date and time.
2023-09-27 03:43:42 There were 2 links that passed the next "Link Alive Check" confirmation date and time.
2023-09-27 03:43:42 [1] Confirmed the "Link Alive Check". (NextTime=2023-10-25 06:56:24 Result=404 URL=https://www.supercourt.jp/topics/archives/7363)
2023-09-27 03:43:43 [2] Confirmed the "Link Alive Check". (NextTime=2023-10-26 00:25:30 Result=200 URL=https://google.com)
2023-09-27 04:13:10 There were 0 links that passed the next "Check SNS Count" confirmation date and time.
2023-09-27 05:13:29 There were 0 links that passed the next "Check SNS Count" confirmation date and time.
2023-09-27 06:13:11 There were 0 links that passed the next "Check SNS Count" confirmation date and time.
2023-09-27 07:13:17 There were 0 links that passed the next "Check SNS Count" confirmation date and time.
2023-09-27 08:13:17 There were 1 links that passed the next "Check SNS Count" confirmation date and time.
2023-09-27 08:13:18 [1] Confirmed the "Check SNS Count". (NextTime=2023-10-25 06:56:24 URL=https://www.supercourt.jp/topics/archives/7363)
2023-09-27 09:13:07 There were 0 links that passed the next "Check SNS Count" confirmation date and time.
2023-09-27 10:13:14 There were 0 links that passed the next "Check SNS Count" confirmation date and time.
2023-09-27 11:13:24 There were 0 links that passed the next "Check SNS Count" confirmation date and time.
2023-09-27 12:13:07 There were 0 links that passed the next "Check SNS Count" confirmation date and time.
2023-09-27 13:13:07 There were 0 links that passed the next "Check SNS Count" confirmation date and time.
2023-09-27 14:13:10 There were 0 links that passed the next "Check SNS Count" confirmation date and time.
2023-09-27 15:13:06 There were 0 links that passed the next "Check SNS Count" confirmation date and time.
2023-09-27 16:13:06 There were 0 links that passed the next "Check SNS Count" confirmation date and time.
2023-09-27 17:13:06 There were 0 links that passed the next "Check SNS Count" confirmation date and time.
2023-09-27 18:13:08 There were 0 links that passed the next "Check SNS Count" confirmation date and time.
2023-09-27 19:13:09 There were 0 links that passed the next "Check SNS Count" confirmation date and time.
2023-09-27 20:14:27 There were 0 links that passed the next "Check SNS Count" confirmation date and time.
2023-09-27 21:13:07 There were 1 links that passed the next "Check SNS Count" confirmation date and time.
2023-09-27 21:13:08 [1] Confirmed the "Check SNS Count". (NextTime=2023-10-26 00:25:30 URL=https://google.com)
2023-09-27 22:13:07 There were 0 links that passed the next "Check SNS Count" confirmation date and time.
2023-09-27 23:13:35 There were 0 links that passed the next "Check SNS Count" confirmation date and time.
