2023-08-29 00:13:06 There were 0 links that passed the next "Check SNS Count" confirmation date and time.
2023-08-29 01:13:19 There were 0 links that passed the next "Check SNS Count" confirmation date and time.
2023-08-29 02:13:15 There were 0 links that passed the next "Check SNS Count" confirmation date and time.
2023-08-29 03:13:10 There were 0 links that passed the next "Check SNS Count" confirmation date and time.
2023-08-29 03:43:09 There were 2 links that passed the next "Link Alive Check" confirmation date and time.
2023-08-29 03:43:09 [1] Confirmed the "Link Alive Check". (NextTime=2023-09-26 11:54:13 Result=404 URL=https://www.supercourt.jp/topics/archives/7363)
2023-08-29 03:43:10 [2] Confirmed the "Link Alive Check". (NextTime=2023-09-26 23:59:55 Result=200 URL=https://google.com)
2023-08-29 04:13:07 There were 0 links that passed the next "Check SNS Count" confirmation date and time.
2023-08-29 05:13:07 There were 0 links that passed the next "Check SNS Count" confirmation date and time.
2023-08-29 06:13:12 There were 0 links that passed the next "Check SNS Count" confirmation date and time.
2023-08-29 07:13:24 There were 0 links that passed the next "Check SNS Count" confirmation date and time.
2023-08-29 08:13:31 There were 0 links that passed the next "Check SNS Count" confirmation date and time.
2023-08-29 09:13:53 There were 0 links that passed the next "Check SNS Count" confirmation date and time.
2023-08-29 10:13:09 There were 0 links that passed the next "Check SNS Count" confirmation date and time.
2023-08-29 11:13:07 There were 1 links that passed the next "Check SNS Count" confirmation date and time.
2023-08-29 11:13:08 [1] Confirmed the "Check SNS Count". (NextTime=2023-09-26 23:59:55 URL=https://google.com)
2023-08-29 12:13:43 There were 0 links that passed the next "Check SNS Count" confirmation date and time.
2023-08-29 13:13:11 There were 0 links that passed the next "Check SNS Count" confirmation date and time.
2023-08-29 14:13:07 There were 0 links that passed the next "Check SNS Count" confirmation date and time.
2023-08-29 15:13:55 There were 0 links that passed the next "Check SNS Count" confirmation date and time.
2023-08-29 16:13:16 There were 0 links that passed the next "Check SNS Count" confirmation date and time.
2023-08-29 17:13:28 There were 0 links that passed the next "Check SNS Count" confirmation date and time.
2023-08-29 18:13:49 There were 0 links that passed the next "Check SNS Count" confirmation date and time.
2023-08-29 19:13:25 There were 0 links that passed the next "Check SNS Count" confirmation date and time.
2023-08-29 20:13:23 There were 0 links that passed the next "Check SNS Count" confirmation date and time.
2023-08-29 21:13:42 There were 0 links that passed the next "Check SNS Count" confirmation date and time.
2023-08-29 22:13:34 There were 0 links that passed the next "Check SNS Count" confirmation date and time.
2023-08-29 23:13:08 There were 0 links that passed the next "Check SNS Count" confirmation date and time.
